// Jest Snapshot v1, https://goo.gl/fbAQLP

exports[`CountStatus component CountStatus: renders correctly 1`] = `
<div
  className="CountStatus"
>
  0
</div>
`;
