// Jest Snapshot v1, https://goo.gl/fbAQLP

exports[`CountStatus Overlay: renders correctly 1`] = `
<input
  className="CountStatus"
  type="text"
  value={0}
/>
`;
