// Jest Snapshot v1, https://goo.gl/fbAQLP

exports[`Button component Button: renders correctly 1`] = `
<button
  onClick={[Function]}
>
  
</button>
`;
