// Jest Snapshot v1, https://goo.gl/fbAQLP

exports[`Button Overlay: renders correctly 1`] = `
<div
  className="btn btn-"
  onClick={[Function]}
>
  
</div>
`;
