// Jest Snapshot v1, https://goo.gl/fbAQLP

exports[`CounterStatus: snapshot test 1`] = `
<input
  type="text"
  value={9}
/>
`;
